Found 6 test(s).
python : Creating test 
database for alias 
'default'...
At line:1 char:1
+ python manage.py test 
tasks > test_output.txt 
2>&1
+ ~~~~~~~~~~~~~~~~~~~~~~~~
~~~~~~~~~~~~~~~~~~~~~~~~~~
    + CategoryInfo        
      : NotSpecified: (C  
  reating test d...as '   
 default'...:String) [    
], RemoteException
    + FullyQualifiedError 
   Id : NativeCommandErr  
  or
 

Destroying test database 
for alias 'default'...

Traceback (most recent 
call last):
  File "M:\projects\Task 
Dependency Managemnet 
System\manage.py", line 
22, in <module>
    main()
    ~~~~^^
  File "M:\projects\Task 
Dependency Managemnet 
System\manage.py", line 
18, in main
    execute_from_command_l
ine(sys.argv)
    ~~~~~~~~~~~~~~~~~~~~~~
~~~^^^^^^^^^^
  File "C:\Users\Ankita\Ap
pData\Local\Packages\Pytho
nSoftwareFoundation.Python
.3.13_qbz5n2kfra8p0\LocalC
ache\local-packages\Python
313\site-packages\django\c
ore\management\__init__.py
", line 442, in 
execute_from_command_line
    utility.execute()
    ~~~~~~~~~~~~~~~^^
  File "C:\Users\Ankita\Ap
pData\Local\Packages\Pytho
nSoftwareFoundation.Python
.3.13_qbz5n2kfra8p0\LocalC
ache\local-packages\Python
313\site-packages\django\c
ore\management\__init__.py
", line 436, in execute
    self.fetch_command(sub
command).run_from_argv(sel
f.argv)
    ~~~~~~~~~~~~~~~~~~~~~~
~~~~~~~~~~~~~~~~~~~~~~^^^^
^^^^^^^
  File "C:\Users\Ankita\Ap
pData\Local\Packages\Pytho
nSoftwareFoundation.Python
.3.13_qbz5n2kfra8p0\LocalC
ache\local-packages\Python
313\site-packages\django\c
ore\management\commands\te
st.py", line 24, in 
run_from_argv
    super().run_from_argv(
argv)
    ~~~~~~~~~~~~~~~~~~~~~^
^^^^^
  File "C:\Users\Ankita\Ap
pData\Local\Packages\Pytho
nSoftwareFoundation.Python
.3.13_qbz5n2kfra8p0\LocalC
ache\local-packages\Python
313\site-packages\django\c
ore\management\base.py", 
line 412, in run_from_argv
    self.execute(*args, 
**cmd_options)
    ~~~~~~~~~~~~^^^^^^^^^^
^^^^^^^^^^^^
  File "C:\Users\Ankita\Ap
pData\Local\Packages\Pytho
nSoftwareFoundation.Python
.3.13_qbz5n2kfra8p0\LocalC
ache\local-packages\Python
313\site-packages\django\c
ore\management\base.py", 
line 458, in execute
    output = 
self.handle(*args, 
**options)
  File "C:\Users\Ankita\Ap
pData\Local\Packages\Pytho
nSoftwareFoundation.Python
.3.13_qbz5n2kfra8p0\LocalC
ache\local-packages\Python
313\site-packages\django\c
ore\management\commands\te
st.py", line 68, in handle
    failures = test_runner
.run_tests(test_labels)
  File "C:\Users\Ankita\Ap
pData\Local\Packages\Pytho
nSoftwareFoundation.Python
.3.13_qbz5n2kfra8p0\LocalC
ache\local-packages\Python
313\site-packages\django\t
est\runner.py", line 
1060, in run_tests
    
self.run_checks(databases)
    
~~~~~~~~~~~~~~~^^^^^^^^^^^
  File "C:\Users\Ankita\Ap
pData\Local\Packages\Pytho
nSoftwareFoundation.Python
.3.13_qbz5n2kfra8p0\LocalC
ache\local-packages\Python
313\site-packages\django\t
est\runner.py", line 977, 
in run_checks
    call_command("check", 
verbosity=self.verbosity, 
databases=databases)
    ~~~~~~~~~~~~^^^^^^^^^^
^^^^^^^^^^^^^^^^^^^^^^^^^^
^^^^^^^^^^^^^^^^^^^^
  File "C:\Users\Ankita\Ap
pData\Local\Packages\Pytho
nSoftwareFoundation.Python
.3.13_qbz5n2kfra8p0\LocalC
ache\local-packages\Python
313\site-packages\django\c
ore\management\__init__.py
", line 194, in 
call_command
    return 
command.execute(*args, 
**defaults)
           ~~~~~~~~~~~~~~~
^^^^^^^^^^^^^^^^^^^
  File "C:\Users\Ankita\Ap
pData\Local\Packages\Pytho
nSoftwareFoundation.Python
.3.13_qbz5n2kfra8p0\LocalC
ache\local-packages\Python
313\site-packages\django\c
ore\management\base.py", 
line 458, in execute
    output = 
self.handle(*args, 
**options)
  File "C:\Users\Ankita\Ap
pData\Local\Packages\Pytho
nSoftwareFoundation.Python
.3.13_qbz5n2kfra8p0\LocalC
ache\local-packages\Python
313\site-packages\django\c
ore\management\commands\ch
eck.py", line 76, in 
handle
    self.check(
    ~~~~~~~~~~^
        
app_configs=app_configs,
        
^^^^^^^^^^^^^^^^^^^^^^^^
    ...<4 lines>...
        databases=options[
"databases"],
        ^^^^^^^^^^^^^^^^^^
^^^^^^^^^^^^^
    )
    ^
  File "C:\Users\Ankita\Ap
pData\Local\Packages\Pytho
nSoftwareFoundation.Python
.3.13_qbz5n2kfra8p0\LocalC
ache\local-packages\Python
313\site-packages\django\c
ore\management\base.py", 
line 485, in check
    all_issues = 
checks.run_checks(
        
app_configs=app_configs,
    ...<2 lines>...
        
databases=databases,
    )
  File "C:\Users\Ankita\Ap
pData\Local\Packages\Pytho
nSoftwareFoundation.Python
.3.13_qbz5n2kfra8p0\LocalC
ache\local-packages\Python
313\site-packages\django\c
ore\checks\registry.py", 
line 88, in run_checks
    new_errors = check(app
_configs=app_configs, 
databases=databases)
  File "C:\Users\Ankita\Ap
pData\Local\Packages\Pytho
nSoftwareFoundation.Python
.3.13_qbz5n2kfra8p0\LocalC
ache\local-packages\Python
313\site-packages\django\c
ore\checks\urls.py", line 
14, in check_url_config
    return 
check_resolver(resolver)
  File "C:\Users\Ankita\Ap
pData\Local\Packages\Pytho
nSoftwareFoundation.Python
.3.13_qbz5n2kfra8p0\LocalC
ache\local-packages\Python
313\site-packages\django\c
ore\checks\urls.py", line 
24, in check_resolver
    return check_method()
  File "C:\Users\Ankita\Ap
pData\Local\Packages\Pytho
nSoftwareFoundation.Python
.3.13_qbz5n2kfra8p0\LocalC
ache\local-packages\Python
313\site-packages\django\u
rls\resolvers.py", line 
494, in check
    for pattern in 
self.url_patterns:
                   
^^^^^^^^^^^^^^^^^
  File "C:\Users\Ankita\Ap
pData\Local\Packages\Pytho
nSoftwareFoundation.Python
.3.13_qbz5n2kfra8p0\LocalC
ache\local-packages\Python
313\site-packages\django\u
tils\functional.py", line 
57, in __get__
    res = instance.__dict_
_[self.name] = 
self.func(instance)
                          
               
~~~~~~~~~^^^^^^^^^^
  File "C:\Users\Ankita\Ap
pData\Local\Packages\Pytho
nSoftwareFoundation.Python
.3.13_qbz5n2kfra8p0\LocalC
ache\local-packages\Python
313\site-packages\django\u
rls\resolvers.py", line 
715, in url_patterns
    patterns = getattr(sel
f.urlconf_module, 
"urlpatterns", 
self.urlconf_module)
                       
^^^^^^^^^^^^^^^^^^^
  File "C:\Users\Ankita\Ap
pData\Local\Packages\Pytho
nSoftwareFoundation.Python
.3.13_qbz5n2kfra8p0\LocalC
ache\local-packages\Python
313\site-packages\django\u
tils\functional.py", line 
57, in __get__
    res = instance.__dict_
_[self.name] = 
self.func(instance)
                          
               
~~~~~~~~~^^^^^^^^^^
  File "C:\Users\Ankita\Ap
pData\Local\Packages\Pytho
nSoftwareFoundation.Python
.3.13_qbz5n2kfra8p0\LocalC
ache\local-packages\Python
313\site-packages\django\u
rls\resolvers.py", line 
708, in urlconf_module
    return import_module(s
elf.urlconf_name)
  File "C:\Program Files\W
indowsApps\PythonSoftwareF
oundation.Python.3.13_3.13
.2544.0_x64__qbz5n2kfra8p0
\Lib\importlib\__init__.py
", line 88, in 
import_module
    return _bootstrap._gcd
_import(name[level:], 
package, level)
           ~~~~~~~~~~~~~~~
~~~~~~~^^^^^^^^^^^^^^^^^^^
^^^^^^^^^^^
  File "<frozen 
importlib._bootstrap>", 
line 1387, in _gcd_import
  File "<frozen 
importlib._bootstrap>", 
line 1360, in 
_find_and_load
  File "<frozen 
importlib._bootstrap>", 
line 1331, in 
_find_and_load_unlocked
  File "<frozen 
importlib._bootstrap>", 
line 935, in 
_load_unlocked
  File "<frozen importlib.
_bootstrap_external>", 
line 1027, in exec_module
  File "<frozen 
importlib._bootstrap>", 
line 488, in 
_call_with_frames_removed
  File "M:\projects\Task 
Dependency Managemnet Syst
em\task_manager\urls.py", 
line 22, in <module>
    path('', 
include('tasks.urls')),
             
~~~~~~~^^^^^^^^^^^^^^
  File "C:\Users\Ankita\Ap
pData\Local\Packages\Pytho
nSoftwareFoundation.Python
.3.13_qbz5n2kfra8p0\LocalC
ache\local-packages\Python
313\site-packages\django\u
rls\conf.py", line 38, in 
include
    urlconf_module = impor
t_module(urlconf_module)
  File "C:\Program Files\W
indowsApps\PythonSoftwareF
oundation.Python.3.13_3.13
.2544.0_x64__qbz5n2kfra8p0
\Lib\importlib\__init__.py
", line 88, in 
import_module
    return _bootstrap._gcd
_import(name[level:], 
package, level)
           ~~~~~~~~~~~~~~~
~~~~~~~^^^^^^^^^^^^^^^^^^^
^^^^^^^^^^^
  File "<frozen 
importlib._bootstrap>", 
line 1387, in _gcd_import
  File "<frozen 
importlib._bootstrap>", 
line 1360, in 
_find_and_load
  File "<frozen 
importlib._bootstrap>", 
line 1331, in 
_find_and_load_unlocked
  File "<frozen 
importlib._bootstrap>", 
line 935, in 
_load_unlocked
  File "<frozen importlib.
_bootstrap_external>", 
line 1027, in exec_module
  File "<frozen 
importlib._bootstrap>", 
line 488, in 
_call_with_frames_removed
  File "M:\projects\Task 
Dependency Managemnet 
System\tasks\urls.py", 
line 4, in <module>
    path('api/tasks/<int:t
ask_id>/dependencies/', Ta
skDependencyView.as_view()
, name='task-dependency'),
    ^^^^
NameError: name 'path' is 
not defined
